// Jest Snapshot v1, https://goo.gl/fbAQLP

exports[`SearchComponent should render 1`] = `
<app-search
  searchControl={[Function FormControl2]}
  searchTermChange={[Function EventEmitter_]}
>
  <mat-form-field
    class="mat-mdc-form-field"
    subscriptsizing="dynamic"
  >
    <div
      class="mat-mdc-text-field-wrapper mdc-text-field"
    >
      <div
        class="mat-mdc-form-field-flex"
      >
        <div
          class="mat-mdc-form-field-infix"
        >
          <input
            class="mat-mdc-input-element"
            matinput=""
            subscriptsizing="0"
          />
        </div>
      </div>
    </div>
    <div
      class="mat-mdc-form-field-subscript-wrapper mat-mdc-form-field-bottom-align"
    >
    </div>
  </mat-form-field>
</app-search>
`;
